------------------------------------------------------------------------------------------------------------------------

[2026-04-12 11:42:13 #1 store] 
Database 'C:\Users\camilo\Dropbox\aflc\aflc\build\testuserdir\vectIcon.odb' is opened by 22844@camilo_w81

[2026-04-12 11:42:13 #2 store] 
Configuration path: C:\Users\camilo\Dropbox\aflc\aflc\objectdb-2.8.9\objectdb.conf

[2026-04-12 11:42:21 #3 store] 
Database 'C:\Users\camilo\Dropbox\aflc\aflc\build\testuserdir\vectIcon.odb' is closed by 22844@camilo_w81

[2026-04-12 11:42:21 #4 store] 
Database 'C:\Users\camilo\Dropbox\aflc\aflc\build\testuserdir\vectIcon.odb' is opened by 22844@camilo_w81

[2026-04-12 11:42:21 #5 store] 
Configuration path: C:\Users\camilo\Dropbox\aflc\aflc\objectdb-2.8.9\objectdb.conf

[2026-04-12 11:42:29 #6 store] 
Database 'C:\Users\camilo\Dropbox\aflc\aflc\build\testuserdir\vectIcon.odb' is closed by 22844@camilo_w81

[2026-04-12 11:42:29 #7 store] 
Database 'C:\Users\camilo\Dropbox\aflc\aflc\build\testuserdir\vectIcon.odb' is opened by 22844@camilo_w81

[2026-04-12 11:42:29 #8 store] 
Configuration path: C:\Users\camilo\Dropbox\aflc\aflc\objectdb-2.8.9\objectdb.conf

[2026-04-12 18:04:14 #9 store] 
Database 'C:\Users\camilo\Dropbox\aflc\aflc\build\testuserdir\vectIcon.odb' is closed by 22844@camilo_w81

[2026-04-12 18:04:14 #10 store] 
Database 'C:\Users\camilo\Documents\Edificio55\proyecto.odb' is opened by 22844@camilo_w81

[2026-04-12 18:04:14 #11 store] 
Configuration path: C:\Users\camilo\Dropbox\aflc\aflc\objectdb-2.8.9\objectdb.conf

[2026-04-12 18:04:31 #12 store] 
Database 'C:\Users\camilo\Documents\Edificio55\proyecto.odb' is closed by 22844@camilo_w81

[2026-04-12 18:48:21 #13 store] 
Database 'C:\Users\camilo\Documents\Edificio 22\baseElems.odb' is opened by 22844@camilo_w81

[2026-04-12 18:48:21 #14 store] 
Configuration path: C:\Users\camilo\Dropbox\aflc\aflc\objectdb-2.8.9\objectdb.conf

[2026-04-12 18:49:43 #15 store] 
Database 'C:\Users\camilo\Documents\Edificio 22\baseElems.odb' is closed by 22844@camilo_w81

[2026-04-13 11:28:31 #16 store] 
Database 'C:\Users\camilo\Documents\Edificio 44\baseElems.odb' is opened by 22844@camilo_w81

[2026-04-13 11:28:31 #17 store] 
Configuration path: C:\Users\camilo\Dropbox\aflc\aflc\objectdb-2.8.9\objectdb.conf

[2026-04-13 11:29:26 #18 store] 
Database 'C:\Users\camilo\Documents\Edificio 44\baseElems.odb' is closed by 22844@camilo_w81

[2026-04-13 11:29:26 #19 store] 
Database 'C:\Users\camilo\Documents\Edificio 44\bdProyecto.odb' is opened by 22844@camilo_w81

[2026-04-13 11:29:26 #20 store] 
Configuration path: C:\Users\camilo\Dropbox\aflc\aflc\objectdb-2.8.9\objectdb.conf

[2026-04-13 11:29:36 #21 store] 
Database 'C:\Users\camilo\Documents\Edificio 44\bdProyecto.odb' is closed by 22844@camilo_w81

[2026-04-13 11:34:12 #22 store] 
Database 'C:\Users\camilo\Documents\Edificio 55\baseElems.odb' is opened by 22844@camilo_w81

[2026-04-13 11:34:12 #23 store] 
Configuration path: C:\Users\camilo\Dropbox\aflc\aflc\objectdb-2.8.9\objectdb.conf

[2026-04-13 11:36:14 #24 store] 
Database 'C:\Users\camilo\Documents\Edificio 55\baseElems.odb' is closed by 22844@camilo_w81

[2026-04-13 11:42:02 #25 store] 
Database 'C:\Users\camilo\Documents\Edificio 77\baseElems.odb' is opened by 22844@camilo_w81

[2026-04-13 11:42:02 #26 store] 
Configuration path: C:\Users\camilo\Dropbox\aflc\aflc\objectdb-2.8.9\objectdb.conf

[2026-04-13 11:42:43 #27 store] 
Database 'C:\Users\camilo\Documents\Edificio 77\baseElems.odb' is closed by 22844@camilo_w81

[2026-04-13 12:08:33 #28 store] 
Database 'C:\Users\camilo\Documents\Edificio 77\baseElems.odb' is opened by 22844@camilo_w81

[2026-04-13 12:08:33 #29 store] 
Configuration path: C:\Users\camilo\Dropbox\aflc\aflc\objectdb-2.8.9\objectdb.conf

[2026-04-13 12:08:52 #30 store] 
Database 'C:\Users\camilo\Documents\Edificio 77\baseElems.odb' is closed by 22844@camilo_w81

