------------------------------------------------------------------------------------------------------------------------

[2026-10-02 15:22:18 #1 store] 
Database 'C:\Users\camilo\Documents\11000Filas\datosProyecto.odb' is opened by 15832@camilo_w81

[2026-10-02 15:22:18 #2 store] 
Configuration path: C:\Users\camilo\Dropbox\VistaDatosME435\objectdb-2.8.9\objectdb.conf

[2026-10-02 15:22:29 #3 store] 
Database 'C:\Users\camilo\Documents\11000Filas\datosProyecto.odb' is closed by 15832@camilo_w81

[2026-10-02 15:22:29 #4 store] 
Database 'C:\Users\camilo\dataApplications\opciones.odb' is opened by 15832@camilo_w81

[2026-10-02 15:22:29 #5 store] 
Configuration path: C:\Users\camilo\Dropbox\VistaDatosME435\objectdb-2.8.9\objectdb.conf

[2026-10-02 15:23:01 #6 store] 
Database 'C:\Users\camilo\dataApplications\opciones.odb' is closed by 15832@camilo_w81

------------------------------------------------------------------------------------------------------------------------

[2026-10-02 15:38:00 #1 store] 
Database 'C:\Users\camilo\Documents\12000Filas\datosProyecto.odb' is opened by 14604@camilo_w81

[2026-10-02 15:38:00 #2 store] 
Configuration path: C:\Users\camilo\Dropbox\VistaDatosME435\objectdb-2.8.9\objectdb.conf

[2026-10-02 15:38:04 #3 store] 
Database 'C:\Users\camilo\Documents\12000Filas\datosProyecto.odb' is closed by 14604@camilo_w81

[2026-10-02 15:38:04 #4 store] 
Database 'C:\Users\camilo\dataApplications\opciones.odb' is opened by 14604@camilo_w81

[2026-10-02 15:38:04 #5 store] 
Configuration path: C:\Users\camilo\Dropbox\VistaDatosME435\objectdb-2.8.9\objectdb.conf

[2026-10-02 15:38:32 #6 store] 
Database 'C:\Users\camilo\dataApplications\opciones.odb' is closed by 14604@camilo_w81

------------------------------------------------------------------------------------------------------------------------

[2026-10-02 15:55:47 #1 store] 
Database 'C:\Users\camilo\Documents\12000Filas\datosProyecto.odb' is opened by 21940@camilo_w81

[2026-10-02 15:55:47 #2 store] 
Configuration path: C:\Users\camilo\Dropbox\VistaDatosME435\objectdb-2.8.9\objectdb.conf

[2026-10-02 15:55:53 #3 store] 
Database 'C:\Users\camilo\Documents\12000Filas\datosProyecto.odb' is closed by 21940@camilo_w81

[2026-10-02 15:55:53 #4 store] 
Database 'C:\Users\camilo\dataApplications\opciones.odb' is opened by 21940@camilo_w81

[2026-10-02 15:55:53 #5 store] 
Configuration path: C:\Users\camilo\Dropbox\VistaDatosME435\objectdb-2.8.9\objectdb.conf

[2026-10-02 15:56:07 #6 store] 
Database 'C:\Users\camilo\dataApplications\opciones.odb' is closed by 21940@camilo_w81

------------------------------------------------------------------------------------------------------------------------

[2026-10-02 16:47:51 #1 store] 
Database 'C:\Users\camilo\dataApplications\opciones.odb' is opened by 10016@camilo_w81

[2026-10-02 16:47:51 #2 store] 
Configuration path: C:\Users\camilo\Dropbox\VistaDatosME435\objectdb-2.8.9\objectdb.conf

[2026-10-02 16:48:06 #3 store] 
Database 'C:\Users\camilo\dataApplications\opciones.odb' is closed by 10016@camilo_w81

